// Vitest Snapshot v1, https://vitest.dev/guide/snapshot.html

exports[`query-token render default 1`] = `

<span class="relative z-[2] whitespace-pre text-black dark:text-white text-sm after:absolute after:inset-0 after:z-[-1] after:rounded-sm after:content-[&quot;&quot;]">
  query string
</span>

`;

exports[`query-token renders attribute selector 1`] = `

<span class="relative z-[2] whitespace-pre text-sm after:absolute after:inset-0 after:z-[-1] after:rounded-sm after:content-[&quot;&quot;] text-blue-700 after:bg-blue-600/10 dark:text-blue-400 after:dark:bg-blue-600/15">
  [name="my-package"]
</span>

`;

exports[`query-token renders class selector 1`] = `

<span class="relative z-[2] whitespace-pre text-sm after:absolute after:inset-0 after:z-[-1] after:rounded-sm after:content-[&quot;&quot;] text-green-700 after:bg-green-600/10 dark:text-green-400 after:dark:bg-green-600/15">
  .my-class
</span>

`;

exports[`query-token renders combinator selector 1`] = `

<span class="relative z-[2] whitespace-pre text-sm after:absolute after:inset-0 after:z-[-1] after:rounded-sm after:content-[&quot;&quot;] text-gray-700 after:bg-gray-600/10 dark:text-gray-400 after:dark:bg-gray-600/20">
  &gt;
</span>

`;

exports[`query-token renders id selector 1`] = `

<span class="relative z-[2] whitespace-pre text-sm after:absolute after:inset-0 after:z-[-1] after:rounded-sm after:content-[&quot;&quot;] text-pink-700 after:bg-pink-600/10 dark:text-pink-400 after:dark:bg-pink-600/15">
  #my-id
</span>

`;

exports[`query-token renders pseudo selector 1`] = `

<span class="relative z-[2] whitespace-pre text-sm after:absolute after:inset-0 after:z-[-1] after:rounded-sm after:content-[&quot;&quot;] text-purple-700 after:bg-purple-600/10 dark:text-purple-400 after:dark:bg-purple-600/20">
  :root
</span>

`;
